
[TestApp/focus - 1]
[32mâ•­â”€[0mMessage Assistant[32mâ”€â”€â•®[mâ•­â”€Conversationâ”€â”€â”€â”€â”€â”€â”€â”€â”€â”€â”€â”€â”€â”€â”€â”€â”€â”€â”€â”€â”€â”€â”€â”€â”€â”€â”€â•®
[32mâ”‚[m[37m[m[7m [m                   [32mâ”‚[mâ”‚                                        â”‚
[32mâ”‚[m[37m[m[30m                    [m[32mâ”‚[mâ”‚                                        â”‚
[32mâ”‚[m[37m[m[30m                    [m[32mâ”‚[mâ”‚                                        â”‚
[32mâ•°â”€â”€â”€â”€â”€â”€â”€â”€â”€â”€â”€â”€â”€â”€â”€â”€â”€â”€â”€â”€â•¯[mâ”‚                                        â”‚
â•­â”€Conversationsâ”€â”€â”€â”€â”€â”€â•®â”‚                                        â”‚
â”‚  2                 â”‚â”‚                                        â”‚
â”‚  1                 â”‚â”‚                                        â”‚
â”‚                    â”‚â”‚                                        â”‚
â”‚                    â”‚â”‚                                        â”‚
â”‚                    â”‚â”‚                                        â”‚
â”‚                    â”‚â”‚                                        â”‚
â”‚                    â”‚â”‚                                        â”‚
â”‚                    â”‚â”‚                                        â”‚
â”‚                    â”‚â”‚                                        â”‚
â•°â”€â”€â”€â”€â”€â”€â”€â”€â”€â”€â”€â”€â”€â”€â”€â”€â”€â”€â”€â”€â•¯â•°â”€â”€â”€â”€â”€â”€â”€â”€â”€â”€â”€â”€â”€â”€â”€â”€â”€â”€â”€â”€â”€â”€â”€â”€â”€â”€â”€â”€â”€â”€â”€â”€â”€â”€â”€â”€â”€â”€â”€â”€â•¯
---

[TestApp/focus - 2]
â•­â”€Message Assistantâ”€â”€â•®â•­â”€Conversationâ”€â”€â”€â”€â”€â”€â”€â”€â”€â”€â”€â”€â”€â”€â”€â”€â”€â”€â”€â”€â”€â”€â”€â”€â”€â”€â”€â•®
â”‚[37m[m[7m [m                   â”‚â”‚                                        â”‚
â”‚[37m[m[30m                    [mâ”‚â”‚                                        â”‚
â”‚[37m[m[30m                    [mâ”‚â”‚                                        â”‚
â•°â”€â”€â”€â”€â”€â”€â”€â”€â”€â”€â”€â”€â”€â”€â”€â”€â”€â”€â”€â”€â•¯â”‚                                        â”‚
[32mâ•­â”€[0mConversations[32mâ”€â”€â”€â”€â”€â”€â•®[mâ”‚                                        â”‚
[32mâ”‚[m[44m  2[m[44m                 [m[32mâ”‚[mâ”‚                                        â”‚
[32mâ”‚[m  1                 [32mâ”‚[mâ”‚                                        â”‚
[32mâ”‚[m                    [32mâ”‚[mâ”‚                                        â”‚
[32mâ”‚[m                    [32mâ”‚[mâ”‚                                        â”‚
[32mâ”‚[m                    [32mâ”‚[mâ”‚                                        â”‚
[32mâ”‚[m                    [32mâ”‚[mâ”‚                                        â”‚
[32mâ”‚[m                    [32mâ”‚[mâ”‚                                        â”‚
[32mâ”‚[m                    [32mâ”‚[mâ”‚                                        â”‚
[32mâ”‚[m                    [32mâ”‚[mâ”‚                                        â”‚
[32mâ•°â”€â”€â”€â”€â”€â”€â”€â”€â”€â”€â”€â”€â”€â”€â”€â”€â”€â”€â”€â”€â•¯[mâ•°â”€â”€â”€â”€â”€â”€â”€â”€â”€â”€â”€â”€â”€â”€â”€â”€â”€â”€â”€â”€â”€â”€â”€â”€â”€â”€â”€â”€â”€â”€â”€â”€â”€â”€â”€â”€â”€â”€â”€â”€â•¯
---

[TestApp/focus - 3]
â•­â”€Message Assistantâ”€â”€â•®[32mâ•­â”€[0mConversation[32mâ”€â”€â”€â”€â”€â”€â”€â”€â”€â”€â”€â”€â”€â”€â”€â”€â”€â”€â”€â”€â”€â”€â”€â”€â”€â”€â”€â•®[m
â”‚[37m[m[7m [m                   â”‚[32mâ”‚[m                                        [32mâ”‚[m
â”‚[37m[m[30m                    [mâ”‚[32mâ”‚[m                                        [32mâ”‚[m
â”‚[37m[m[30m                    [mâ”‚[32mâ”‚[m                                        [32mâ”‚[m
â•°â”€â”€â”€â”€â”€â”€â”€â”€â”€â”€â”€â”€â”€â”€â”€â”€â”€â”€â”€â”€â•¯[32mâ”‚[m                                        [32mâ”‚[m
â•­â”€Conversationsâ”€â”€â”€â”€â”€â”€â•®[32mâ”‚[m                                        [32mâ”‚[m
â”‚  2                 â”‚[32mâ”‚[m                                        [32mâ”‚[m
â”‚  1                 â”‚[32mâ”‚[m                                        [32mâ”‚[m
â”‚                    â”‚[32mâ”‚[m                                        [32mâ”‚[m
â”‚                    â”‚[32mâ”‚[m                                        [32mâ”‚[m
â”‚                    â”‚[32mâ”‚[m                                        [32mâ”‚[m
â”‚                    â”‚[32mâ”‚[m                                        [32mâ”‚[m
â”‚                    â”‚[32mâ”‚[m                                        [32mâ”‚[m
â”‚                    â”‚[32mâ”‚[m                                        [32mâ”‚[m
â”‚                    â”‚[32mâ”‚[m                                        [32mâ”‚[m
â•°â”€â”€â”€â”€â”€â”€â”€â”€â”€â”€â”€â”€â”€â”€â”€â”€â”€â”€â”€â”€â•¯[32mâ•°â”€â”€â”€â”€â”€â”€â”€â”€â”€â”€â”€â”€â”€â”€â”€â”€â”€â”€â”€â”€â”€â”€â”€â”€â”€â”€â”€â”€â”€â”€â”€â”€â”€â”€â”€â”€â”€â”€â”€â”€â•¯[m
---

[TestApp/focus - 4]
[32mâ•­â”€[0mMessage Assistant[32mâ”€â”€â•®[mâ•­â”€Conversationâ”€â”€â”€â”€â”€â”€â”€â”€â”€â”€â”€â”€â”€â”€â”€â”€â”€â”€â”€â”€â”€â”€â”€â”€â”€â”€â”€â•®
[32mâ”‚[m[37m[m[7m [m                   [32mâ”‚[mâ”‚                                        â”‚
[32mâ”‚[m[37m[m[30m                    [m[32mâ”‚[mâ”‚                                        â”‚
[32mâ”‚[m[37m[m[30m                    [m[32mâ”‚[mâ”‚                                        â”‚
[32mâ•°â”€â”€â”€â”€â”€â”€â”€â”€â”€â”€â”€â”€â”€â”€â”€â”€â”€â”€â”€â”€â•¯[mâ”‚                                        â”‚
â•­â”€Conversationsâ”€â”€â”€â”€â”€â”€â•®â”‚                                        â”‚
â”‚  2                 â”‚â”‚                                        â”‚
â”‚  1                 â”‚â”‚                                        â”‚
â”‚                    â”‚â”‚                                        â”‚
â”‚                    â”‚â”‚                                        â”‚
â”‚                    â”‚â”‚                                        â”‚
â”‚                    â”‚â”‚                                        â”‚
â”‚                    â”‚â”‚                                        â”‚
â”‚                    â”‚â”‚                                        â”‚
â”‚                    â”‚â”‚                                        â”‚
â•°â”€â”€â”€â”€â”€â”€â”€â”€â”€â”€â”€â”€â”€â”€â”€â”€â”€â”€â”€â”€â•¯â•°â”€â”€â”€â”€â”€â”€â”€â”€â”€â”€â”€â”€â”€â”€â”€â”€â”€â”€â”€â”€â”€â”€â”€â”€â”€â”€â”€â”€â”€â”€â”€â”€â”€â”€â”€â”€â”€â”€â”€â”€â•¯
---

[TestApp/input - 1]
[32mâ•­â”€[0mMessage Assistant[32mâ”€â”€â•®[mâ•­â”€Conversationâ”€â”€â”€â”€â”€â”€â”€â”€â”€â”€â”€â”€â”€â”€â”€â”€â”€â”€â”€â”€â”€â”€â”€â”€â”€â”€â”€â•®
[32mâ”‚[m[37m[mhey[7m [m                [32mâ”‚[mâ”‚                                        â”‚
[32mâ”‚[m[37m[m[30m                    [m[32mâ”‚[mâ”‚                                        â”‚
[32mâ”‚[m[37m[m[30m                    [m[32mâ”‚[mâ”‚                                        â”‚
[32mâ•°â”€â”€â”€â”€â”€â”€â”€â”€â”€â”€â”€â”€â”€â”€â”€â”€â”€â”€â”€â”€â•¯[mâ”‚                                        â”‚
â•­â”€Conversationsâ”€â”€â”€â”€â”€â”€â•®â”‚                                        â”‚
â”‚                    â”‚â”‚                                        â”‚
â”‚                    â”‚â”‚                                        â”‚
â”‚                    â”‚â”‚                                        â”‚
â”‚                    â”‚â”‚                                        â”‚
â”‚                    â”‚â”‚                                        â”‚
â”‚                    â”‚â”‚                                        â”‚
â”‚                    â”‚â”‚                                        â”‚
â”‚                    â”‚â”‚                                        â”‚
â”‚                    â”‚â”‚                                        â”‚
â•°â”€â”€â”€â”€â”€â”€â”€â”€â”€â”€â”€â”€â”€â”€â”€â”€â”€â”€â”€â”€â•¯â•°â”€â”€â”€â”€â”€â”€â”€â”€â”€â”€â”€â”€â”€â”€â”€â”€â”€â”€â”€â”€â”€â”€â”€â”€â”€â”€â”€â”€â”€â”€â”€â”€â”€â”€â”€â”€â”€â”€â”€â”€â•¯
---

[TestApp/input - 2]
[32mâ•­â”€[0mMessage Assistant[32mâ”€â”€â•®[mâ•­â”€Conversationâ”€â”€â”€â”€â”€â”€â”€â”€â”€â”€â”€â”€â”€â”€â”€â”€â”€â”€â”€â”€â”€â”€â”€â”€â”€â”€â”€â•®
[32mâ”‚[m[37m[m[7m [m                   [32mâ”‚[mâ”‚                                        â”‚
[32mâ”‚[m[37m[m[30m                    [m[32mâ”‚[mâ”‚                                        â”‚
[32mâ”‚[m[37m[m[30m                    [m[32mâ”‚[mâ”‚                                     heyâ”‚
[32mâ•°â”€â”€â”€â”€â”€â”€â”€â”€â”€â”€â”€â”€â”€â”€â”€â”€â”€â”€â”€â”€â•¯[mâ”‚                                        â”‚
â•­â”€Conversationsâ”€â”€â”€â”€â”€â”€â•®â”‚                                        â”‚
â”‚                    â”‚â”‚                                        â”‚
â”‚                    â”‚â”‚                                        â”‚
â”‚                    â”‚â”‚                                        â”‚
â”‚                    â”‚â”‚                                        â”‚
â”‚                    â”‚â”‚                                        â”‚
â”‚                    â”‚â”‚                                        â”‚
â”‚                    â”‚â”‚                                        â”‚
â”‚                    â”‚â”‚                                        â”‚
â”‚                    â”‚â”‚                                        â”‚
â•°â”€â”€â”€â”€â”€â”€â”€â”€â”€â”€â”€â”€â”€â”€â”€â”€â”€â”€â”€â”€â•¯â•°â”€â”€â”€â”€â”€â”€â”€â”€â”€â”€â”€â”€â”€â”€â”€â”€â”€â”€â”€â”€â”€â”€â”€â”€â”€â”€â”€â”€â”€â”€â”€â”€â”€â”€â”€â”€â”€â”€â”€â”€â•¯
---
