
[TestFilesystemDatabase/SaveConversation - 1]
{"id":"2025-02-17T22:09:24.592607+01:00","prompt":null,"messages":null}
---
