[32mâ•­â”€[0mMessage Assistant[32mâ”€â”€â•®[mâ•­â”€Conversationâ”€â”€â”€â”€â”€â”€â”€â”€â”€â”€â”€â”€â”€â”€â”€â”€â”€â”€â”€â”€â”€â”€â”€â”€â”€â”€â”€â•®
[32mâ”‚[m[37m[m[7m [m                   [32mâ”‚[mâ”‚                                        â”‚
[32mâ”‚[m[37m[m[30m                    [m[32mâ”‚[mâ”‚                                        â”‚
[32mâ”‚[m[37m[m[30m                    [m[32mâ”‚[mâ”‚                                        â”‚
[32mâ•°â”€â”€â”€â”€â”€â”€â”€â”€â”€â”€â”€â”€â”€â”€â”€â”€â”€â”€â”€â”€â•¯[mâ”‚                                        â”‚
â•­â”€Conversationsâ”€â”€â”€â”€â”€â”€â•®â”‚                                        â”‚
â”‚2                   â”‚â”‚                                        â”‚
â”‚1                   â”‚â”‚                                        â”‚
â”‚                    â”‚â”‚                                        â”‚
â”‚                    â”‚â”‚                                        â”‚
â”‚                    â”‚â”‚                                        â”‚
â”‚                    â”‚â”‚                                        â”‚
â”‚                    â”‚â”‚                                        â”‚
â”‚                    â”‚â”‚                                        â”‚
â”‚                    â”‚â”‚                                        â”‚
â•°â”€â”€â”€â”€â”€â”€â”€â”€â”€â”€â”€â”€â”€â”€â”€â”€â”€â”€â”€â”€â•¯â•°â”€â”€â”€â”€â”€â”€â”€â”€â”€â”€â”€â”€â”€â”€â”€â”€â”€â”€â”€â”€â”€â”€â”€â”€â”€â”€â”€â”€â”€â”€â”€â”€â”€â”€â”€â”€â”€â”€â”€â”€â•¯