â•­â”€Message Assistantâ”€â”€â•®â•­â”€Conversationâ”€â”€â”€â”€â”€â”€â”€â”€â”€â”€â”€â”€â”€â”€â”€â”€â”€â”€â”€â”€â”€â”€â”€â”€â”€â”€â”€â•®
â”‚[37m[m[7m [m                   â”‚â”‚                                        â”‚
â”‚[37m[m[30m                    [mâ”‚â”‚  test                                  â”‚
â”‚[37m[m[30m                    [mâ”‚â”‚                                        â”‚
â•°â”€â”€â”€â”€â”€â”€â”€â”€â”€â”€â”€â”€â”€â”€â”€â”€â”€â”€â”€â”€â•¯â”‚                                        â”‚
â•­â”€Conversationsâ”€â”€â”€â”€â”€â”€â•®â”‚                                        â”‚
â”‚                    â”‚â”‚                                        â”‚
â”‚                    â”‚â”‚                                        â”‚
â”‚                    â”‚â”‚                                        â”‚
â”‚                    â”‚â”‚                                        â”‚
â”‚                    â”‚â”‚                                        â”‚
â”‚                    â”‚â”‚                                        â”‚
â”‚                    â”‚â”‚                                        â”‚
â”‚                    â”‚â”‚                                        â”‚
â”‚                    â”‚â”‚                                        â”‚
â•°â”€â”€â”€â”€â”€â”€â”€â”€â”€â”€â”€â”€â”€â”€â”€â”€â”€â”€â”€â”€â•¯â•°â”€â”€â”€â”€â”€â”€â”€â”€â”€â”€â”€â”€â”€â”€â”€â”€â”€â”€â”€â”€â”€â”€â”€â”€â”€â”€â”€â”€â”€â”€â”€â”€â”€â”€â”€â”€â”€â”€â”€â”€â•¯