
[TestApp/focus - 1]
â•­â”€Contextâ”€â”€â”€â”€â”€â”€â”€â”€â”€â”€â”€â•®â•­â”€Messagesâ”€â”€â”€â”€â”€â”€â”€â”€â”€â”€â”€â”€â”€â”€â”€â”€â”€â”€â”€â”€â”€â”€â”€â”€â”€â”€â”€â”€â”€â”€â”€â”€â•®
â”‚[38;2;98;98;98mNo Context.[m        â”‚â”‚                                         â”‚
â”‚                   â”‚â”‚                                         â”‚
â”‚                   â”‚â”‚                                         â”‚
â”‚                   â”‚â”‚                                         â”‚
â”‚                   â”‚â”‚                                         â”‚
â”‚                   â”‚â”‚                                         â”‚
â”‚                   â”‚â”‚                                         â”‚
â”‚                   â”‚â”‚                                         â”‚
â”‚                   â”‚â”‚                                         â”‚
â•°â”€â”€â”€â”€â”€â”€â”€â”€â”€â”€â”€â”€â”€â”€â”€â”€â”€â”€â”€â•¯â•°â”€â”€â”€â”€â”€â”€â”€â”€â”€â”€â”€â”€â”€â”€â”€â”€â”€â”€â”€â”€â”€â”€â”€â”€â”€â”€â”€â”€â”€â”€â”€â”€â”€â”€â”€â”€â”€â”€â”€â”€â”€â•¯
[32mâ•­â”€[0m[1;32mMessage Assistant[m[32mâ”€â”€â”€â”€â”€â”€â”€â”€â”€â”€â”€â”€â”€â”€â”€â”€â”€â”€â”€â”€â”€â”€â”€â”€â”€â”€â”€â”€â”€â”€â”€â”€â”€â”€â”€â”€â”€â”€â”€â”€â”€â”€â”€â”€â•®[m
[32mâ”‚[m[37m[m[7;37m [m                                                             [32mâ”‚[m
[32mâ”‚[m[30m                                                              [m[32mâ”‚[m
[32mâ”‚[m[30m                                                              [m[32mâ”‚[m
[32mâ•°â”€â”€â”€â”€â”€â”€â”€â”€â”€â”€â”€â”€â”€â”€â”€â”€â”€â”€â”€â”€â”€â”€â”€â”€â”€â”€â”€â”€â”€â”€â”€â”€â”€â”€â”€â”€â”€â”€â”€â”€â”€â”€â”€â”€â”€â”€â”€â”€â”€â”€â”€â”€â”€â”€â”€â”€â”€â”€â”€â”€â”€â”€â•¯[m
---

[TestApp/focus - 2]
[32mâ•­â”€[0m[1;32mContext[m[32mâ”€â”€â”€â”€â”€â”€â”€â”€â”€â”€â”€â•®[mâ•­â”€Messagesâ”€â”€â”€â”€â”€â”€â”€â”€â”€â”€â”€â”€â”€â”€â”€â”€â”€â”€â”€â”€â”€â”€â”€â”€â”€â”€â”€â”€â”€â”€â”€â”€â•®
[32mâ”‚[m[38;2;98;98;98mNo Context.[m        [32mâ”‚[mâ”‚                                         â”‚
[32mâ”‚[m                   [32mâ”‚[mâ”‚                                         â”‚
[32mâ”‚[m                   [32mâ”‚[mâ”‚                                         â”‚
[32mâ”‚[m                   [32mâ”‚[mâ”‚                                         â”‚
[32mâ”‚[m                   [32mâ”‚[mâ”‚                                         â”‚
[32mâ”‚[m                   [32mâ”‚[mâ”‚                                         â”‚
[32mâ”‚[m                   [32mâ”‚[mâ”‚                                         â”‚
[32mâ”‚[m                   [32mâ”‚[mâ”‚                                         â”‚
[32mâ”‚[m                   [32mâ”‚[mâ”‚                                         â”‚
[32mâ•°â”€â”€â”€â”€â”€â”€â”€â”€â”€â”€â”€â”€â”€â”€â”€â”€â”€â”€â”€â•¯[mâ•°â”€â”€â”€â”€â”€â”€â”€â”€â”€â”€â”€â”€â”€â”€â”€â”€â”€â”€â”€â”€â”€â”€â”€â”€â”€â”€â”€â”€â”€â”€â”€â”€â”€â”€â”€â”€â”€â”€â”€â”€â”€â•¯
â•­â”€Message Assistantâ”€â”€â”€â”€â”€â”€â”€â”€â”€â”€â”€â”€â”€â”€â”€â”€â”€â”€â”€â”€â”€â”€â”€â”€â”€â”€â”€â”€â”€â”€â”€â”€â”€â”€â”€â”€â”€â”€â”€â”€â”€â”€â”€â”€â•®
â”‚[37m[m[7;37m [m                                                             â”‚
â”‚[30m                                                              [mâ”‚
â”‚[30m                                                              [mâ”‚
â•°â”€â”€â”€â”€â”€â”€â”€â”€â”€â”€â”€â”€â”€â”€â”€â”€â”€â”€â”€â”€â”€â”€â”€â”€â”€â”€â”€â”€â”€â”€â”€â”€â”€â”€â”€â”€â”€â”€â”€â”€â”€â”€â”€â”€â”€â”€â”€â”€â”€â”€â”€â”€â”€â”€â”€â”€â”€â”€â”€â”€â”€â”€â•¯
---

[TestApp/focus - 3]
â•­â”€Contextâ”€â”€â”€â”€â”€â”€â”€â”€â”€â”€â”€â•®[32mâ•­â”€[0m[1;32mMessages[m[32mâ”€â”€â”€â”€â”€â”€â”€â”€â”€â”€â”€â”€â”€â”€â”€â”€â”€â”€â”€â”€â”€â”€â”€â”€â”€â”€â”€â”€â”€â”€â”€â”€â•®[m
â”‚[38;2;98;98;98mNo Context.[m        â”‚[32mâ”‚[m                                         [32mâ”‚[m
â”‚                   â”‚[32mâ”‚[m                                         [32mâ”‚[m
â”‚                   â”‚[32mâ”‚[m                                         [32mâ”‚[m
â”‚                   â”‚[32mâ”‚[m                                         [32mâ”‚[m
â”‚                   â”‚[32mâ”‚[m                                         [32mâ”‚[m
â”‚                   â”‚[32mâ”‚[m                                         [32mâ”‚[m
â”‚                   â”‚[32mâ”‚[m                                         [32mâ”‚[m
â”‚                   â”‚[32mâ”‚[m                                         [32mâ”‚[m
â”‚                   â”‚[32mâ”‚[m                                         [32mâ”‚[m
â•°â”€â”€â”€â”€â”€â”€â”€â”€â”€â”€â”€â”€â”€â”€â”€â”€â”€â”€â”€â•¯[32mâ•°â”€â”€â”€â”€â”€â”€â”€â”€â”€â”€â”€â”€â”€â”€â”€â”€â”€â”€â”€â”€â”€â”€â”€â”€â”€â”€â”€â”€â”€â”€â”€â”€â”€â”€â”€â”€â”€â”€â”€â”€â”€â•¯[m
â•­â”€Message Assistantâ”€â”€â”€â”€â”€â”€â”€â”€â”€â”€â”€â”€â”€â”€â”€â”€â”€â”€â”€â”€â”€â”€â”€â”€â”€â”€â”€â”€â”€â”€â”€â”€â”€â”€â”€â”€â”€â”€â”€â”€â”€â”€â”€â”€â•®
â”‚[37m[m[7;37m [m                                                             â”‚
â”‚[30m                                                              [mâ”‚
â”‚[30m                                                              [mâ”‚
â•°â”€â”€â”€â”€â”€â”€â”€â”€â”€â”€â”€â”€â”€â”€â”€â”€â”€â”€â”€â”€â”€â”€â”€â”€â”€â”€â”€â”€â”€â”€â”€â”€â”€â”€â”€â”€â”€â”€â”€â”€â”€â”€â”€â”€â”€â”€â”€â”€â”€â”€â”€â”€â”€â”€â”€â”€â”€â”€â”€â”€â”€â”€â•¯
---

[TestApp/focus - 4]
â•­â”€Contextâ”€â”€â”€â”€â”€â”€â”€â”€â”€â”€â”€â•®â•­â”€Messagesâ”€â”€â”€â”€â”€â”€â”€â”€â”€â”€â”€â”€â”€â”€â”€â”€â”€â”€â”€â”€â”€â”€â”€â”€â”€â”€â”€â”€â”€â”€â”€â”€â•®
â”‚[38;2;98;98;98mNo Context.[m        â”‚â”‚                                         â”‚
â”‚                   â”‚â”‚                                         â”‚
â”‚                   â”‚â”‚                                         â”‚
â”‚                   â”‚â”‚                                         â”‚
â”‚                   â”‚â”‚                                         â”‚
â”‚                   â”‚â”‚                                         â”‚
â”‚                   â”‚â”‚                                         â”‚
â”‚                   â”‚â”‚                                         â”‚
â”‚                   â”‚â”‚                                         â”‚
â•°â”€â”€â”€â”€â”€â”€â”€â”€â”€â”€â”€â”€â”€â”€â”€â”€â”€â”€â”€â•¯â•°â”€â”€â”€â”€â”€â”€â”€â”€â”€â”€â”€â”€â”€â”€â”€â”€â”€â”€â”€â”€â”€â”€â”€â”€â”€â”€â”€â”€â”€â”€â”€â”€â”€â”€â”€â”€â”€â”€â”€â”€â”€â•¯
[32mâ•­â”€[0m[1;32mMessage Assistant[m[32mâ”€â”€â”€â”€â”€â”€â”€â”€â”€â”€â”€â”€â”€â”€â”€â”€â”€â”€â”€â”€â”€â”€â”€â”€â”€â”€â”€â”€â”€â”€â”€â”€â”€â”€â”€â”€â”€â”€â”€â”€â”€â”€â”€â”€â•®[m
[32mâ”‚[m[37m[m[7;37m [m                                                             [32mâ”‚[m
[32mâ”‚[m[30m                                                              [m[32mâ”‚[m
[32mâ”‚[m[30m                                                              [m[32mâ”‚[m
[32mâ•°â”€â”€â”€â”€â”€â”€â”€â”€â”€â”€â”€â”€â”€â”€â”€â”€â”€â”€â”€â”€â”€â”€â”€â”€â”€â”€â”€â”€â”€â”€â”€â”€â”€â”€â”€â”€â”€â”€â”€â”€â”€â”€â”€â”€â”€â”€â”€â”€â”€â”€â”€â”€â”€â”€â”€â”€â”€â”€â”€â”€â”€â”€â•¯[m
---

[TestApp/input - 1]
â•­â”€Contextâ”€â”€â”€â”€â”€â”€â”€â”€â”€â”€â”€â•®â•­â”€Messagesâ”€â”€â”€â”€â”€â”€â”€â”€â”€â”€â”€â”€â”€â”€â”€â”€â”€â”€â”€â”€â”€â”€â”€â”€â”€â”€â”€â”€â”€â”€â”€â”€â•®
â”‚[38;2;98;98;98mNo Context.[m        â”‚â”‚                                         â”‚
â”‚                   â”‚â”‚                                         â”‚
â”‚                   â”‚â”‚                                         â”‚
â”‚                   â”‚â”‚                                         â”‚
â”‚                   â”‚â”‚                                         â”‚
â”‚                   â”‚â”‚                                         â”‚
â”‚                   â”‚â”‚                                         â”‚
â”‚                   â”‚â”‚                                         â”‚
â”‚                   â”‚â”‚                                         â”‚
â•°â”€â”€â”€â”€â”€â”€â”€â”€â”€â”€â”€â”€â”€â”€â”€â”€â”€â”€â”€â•¯â•°â”€â”€â”€â”€â”€â”€â”€â”€â”€â”€â”€â”€â”€â”€â”€â”€â”€â”€â”€â”€â”€â”€â”€â”€â”€â”€â”€â”€â”€â”€â”€â”€â”€â”€â”€â”€â”€â”€â”€â”€â”€â•¯
[32mâ•­â”€[0m[1;32mMessage Assistant[m[32mâ”€â”€â”€â”€â”€â”€â”€â”€â”€â”€â”€â”€â”€â”€â”€â”€â”€â”€â”€â”€â”€â”€â”€â”€â”€â”€â”€â”€â”€â”€â”€â”€â”€â”€â”€â”€â”€â”€â”€â”€â”€â”€â”€â”€â•®[m
[32mâ”‚[m[37m[mhey[7;37m [m                                                          [32mâ”‚[m
[32mâ”‚[m[30m                                                              [m[32mâ”‚[m
[32mâ”‚[m[30m                                                              [m[32mâ”‚[m
[32mâ•°â”€â”€â”€â”€â”€â”€â”€â”€â”€â”€â”€â”€â”€â”€â”€â”€â”€â”€â”€â”€â”€â”€â”€â”€â”€â”€â”€â”€â”€â”€â”€â”€â”€â”€â”€â”€â”€â”€â”€â”€â”€â”€â”€â”€â”€â”€â”€â”€â”€â”€â”€â”€â”€â”€â”€â”€â”€â”€â”€â”€â”€â”€â•¯[m
---

[TestApp/input - 2]
â•­â”€Contextâ”€â”€â”€â”€â”€â”€â”€â”€â”€â”€â”€â•®â•­â”€Messagesâ”€â”€â”€â”€â”€â”€â”€â”€â”€â”€â”€â”€â”€â”€â”€â”€â”€â”€â”€â”€â”€â”€â”€â”€â”€â”€â”€â”€â”€â”€â”€â”€â•®
â”‚[38;2;98;98;98mNo Context.[m        â”‚â”‚                                      heyâ”‚
â”‚                   â”‚â”‚                                         â”‚
â”‚                   â”‚â”‚                                         â”‚
â”‚                   â”‚â”‚                                         â”‚
â”‚                   â”‚â”‚                                         â”‚
â”‚                   â”‚â”‚                                         â”‚
â”‚                   â”‚â”‚                                         â”‚
â”‚                   â”‚â”‚                                         â”‚
â”‚                   â”‚â”‚                                         â”‚
â•°â”€â”€â”€â”€â”€â”€â”€â”€â”€â”€â”€â”€â”€â”€â”€â”€â”€â”€â”€â•¯â•°â”€â”€â”€â”€â”€â”€â”€â”€â”€â”€â”€â”€â”€â”€â”€â”€â”€â”€â”€â”€â”€â”€â”€â”€â”€â”€â”€â”€â”€â”€â”€â”€â”€â”€â”€â”€â”€â”€â”€â”€â”€â•¯
[32mâ•­â”€[0m[1;32mMessage Assistant[m[32mâ”€â”€â”€â”€â”€â”€â”€â”€â”€â”€â”€â”€â”€â”€â”€â”€â”€â”€â”€â”€â”€â”€â”€â”€â”€â”€â”€â”€â”€â”€â”€â”€â”€â”€â”€â”€â”€â”€â”€â”€â”€â”€â”€â”€â•®[m
[32mâ”‚[m[37m[m[7;37m [m                                                             [32mâ”‚[m
[32mâ”‚[m[30m                                                              [m[32mâ”‚[m
[32mâ”‚[m[30m                                                              [m[32mâ”‚[m
[32mâ•°â”€â”€â”€â”€â”€â”€â”€â”€â”€â”€â”€â”€â”€â”€â”€â”€â”€â”€â”€â”€â”€â”€â”€â”€â”€â”€â”€â”€â”€â”€â”€â”€â”€â”€â”€â”€â”€â”€â”€â”€â”€â”€â”€â”€â”€â”€â”€â”€â”€â”€â”€â”€â”€â”€â”€â”€â”€â”€â”€â”€â”€â”€â•¯[m
---
