[32mâ•­â”€[0m[1;32mContext[m[32mâ”€â”€â”€â”€â”€â”€â”€â”€â”€â”€â”€â•®[mâ•­â”€Messagesâ”€â”€â”€â”€â”€â”€â”€â”€â”€â”€â”€â”€â”€â”€â”€â”€â”€â”€â”€â”€â”€â”€â”€â”€â”€â”€â”€â”€â”€â”€â”€â”€â•®
[32mâ”‚[mî©» File: test.txt   [32mâ”‚[mâ”‚                                         â”‚
[32mâ”‚[m                   [32mâ”‚[mâ”‚                                         â”‚
[32mâ”‚[m                   [32mâ”‚[mâ”‚                                         â”‚
[32mâ”‚[m                   [32mâ”‚[mâ”‚                                         â”‚
[32mâ”‚[m                   [32mâ”‚[mâ”‚                                         â”‚
[32mâ”‚[m                   [32mâ”‚[mâ”‚                                         â”‚
[32mâ”‚[m                   [32mâ”‚[mâ”‚                                         â”‚
[32mâ”‚[m                   [32mâ”‚[mâ”‚                                         â”‚
[32mâ”‚[m                   [32mâ”‚[mâ”‚                                         â”‚
[32mâ”‚[m                   [32mâ”‚[mâ”‚                                         â”‚
[32mâ”‚[m                   [32mâ”‚[mâ”‚                                         â”‚
[32mâ”‚[m                   [32mâ”‚[mâ”‚                                         â”‚
[32mâ”‚[m                   [32mâ”‚[mâ”‚                                         â”‚
[32mâ”‚[m                   [32mâ”‚[mâ”‚                                         â”‚
[32mâ•°â”€â”€â”€â”€â”€â”€â”€â”€â”€â”€â”€â”€â”€â”€â”€â”€â”€â”€â”€â•¯[mâ•°â”€â”€â”€â”€â”€â”€â”€â”€â”€â”€â”€â”€â”€â”€â”€â”€â”€â”€â”€â”€â”€â”€â”€â”€â”€â”€â”€â”€â”€â”€â”€â”€â”€â”€â”€â”€â”€â”€â”€â”€â”€â•¯