â•­â”€Contextâ”€â”€â”€â”€â”€â”€â”€â”€â”€â”€â”€â•®â•­â”€Messagesâ”€â”€â”€â”€â”€â”€â”€â”€â”€â”€â”€â”€â”€â”€â”€â”€â”€â”€â”€â”€â”€â”€â”€â”€â”€â”€â”€â”€â”€â”€â”€â”€â•®
â”‚[38;2;98;98;98mNo Context.[m        â”‚â”‚                                         â”‚
â”‚                   â”‚â”‚                                         â”‚
â”‚                   â”‚â”‚                                         â”‚
â”‚                   â”‚â”‚                                         â”‚
â”‚                   â”‚â”‚                                         â”‚
â”‚                   â”‚â”‚                                         â”‚
â”‚                   â”‚â”‚                                         â”‚
â”‚                   â”‚â”‚                                         â”‚
â”‚                   â”‚â”‚                                         â”‚
â•°â”€â”€â”€â”€â”€â”€â”€â”€â”€â”€â”€â”€â”€â”€â”€â”€â”€â”€â”€â•¯â•°â”€â”€â”€â”€â”€â”€â”€â”€â”€â”€â”€â”€â”€â”€â”€â”€â”€â”€â”€â”€â”€â”€â”€â”€â”€â”€â”€â”€â”€â”€â”€â”€â”€â”€â”€â”€â”€â”€â”€â”€â”€â•¯
[32mâ•­â”€[0m[1;32mMessage Assistant[m[32mâ”€â”€â”€â”€â”€â”€â”€â”€â”€â”€â”€â”€â”€â”€â”€â”€â”€â”€â”€â”€â”€â”€â”€â”€â”€â”€â”€â”€â”€â”€â”€â”€â”€â”€â”€â”€â”€â”€â”€â”€â”€â”€â”€â”€â•®[m
[32mâ”‚[m[37m[m[7;37m [m                                                             [32mâ”‚[m
[32mâ”‚[m[30m                                                              [m[32mâ”‚[m
[32mâ”‚[m[30m                                                              [m[32mâ”‚[m
[32mâ•°â”€â”€â”€â”€â”€â”€â”€â”€â”€â”€â”€â”€â”€â”€â”€â”€â”€â”€â”€â”€â”€â”€â”€â”€â”€â”€â”€â”€â”€â”€â”€â”€â”€â”€â”€â”€â”€â”€â”€â”€â”€â”€â”€â”€â”€â”€â”€â”€â”€â”€â”€â”€â”€â”€â”€â”€â”€â”€â”€â”€â”€â”€â•¯[m