[44mï…œ item 1[m[44m            [m
ï…œ item 2            
ï…œ item 3            
                    
                    
                    
                    
                    
                    
                    