â•­â”€Contextâ”€â”€â”€â”€â”€â”€â”€â”€â”€â”€â”€â•®â•­â”€Messagesâ”€â”€â”€â”€â”€â”€â”€â”€â”€â”€â”€â”€â”€â”€â”€â”€â”€â”€â”€â”€â”€â”€â”€â”€â”€â”€â”€â”€â”€â”€â”€â”€â•®
â”‚[38;2;98;98;98mNo Context.[m        â”‚â”‚                                         â”‚
â”‚                   â”‚â”‚                                         â”‚
â”‚                   â”‚â”‚                                         â”‚
â”‚                   â”‚â”‚                                         â”‚
â”‚                   â”‚â”‚                                         â”‚
â”‚               [32mâ•­â”€[0m[1;32mError[m[32mâ”€â”€â”€â”€â”€â”€â”€â”€â”€â”€â”€â”€â”€â”€â”€â”€â”€â”€â”€â”€â”€â”€â”€â”€â•®[m               â”‚
â”‚               [32mâ”‚[mtest error                    [32mâ”‚[m               â”‚
â”‚               [32mâ•°â”€â”€â”€â”€â”€â”€â”€â”€â”€â”€â”€â”€â”€â”€â”€â”€â”€â”€â”€â”€â”€â”€â”€â”€â”€â”€â”€â”€â”€â”€â•¯[m               â”‚
â”‚                   â”‚â”‚                                         â”‚
â”‚                   â”‚â”‚                                         â”‚
â”‚                   â”‚â”‚                                         â”‚
â”‚                   â”‚â”‚                                         â”‚
â”‚                   â”‚â”‚                                         â”‚
â”‚                   â”‚â”‚                                         â”‚
â•°â”€â”€â”€â”€â”€â”€â”€â”€â”€â”€â”€â”€â”€â”€â”€â”€â”€â”€â”€â•¯â•°â”€â”€â”€â”€â”€â”€â”€â”€â”€â”€â”€â”€â”€â”€â”€â”€â”€â”€â”€â”€â”€â”€â”€â”€â”€â”€â”€â”€â”€â”€â”€â”€â”€â”€â”€â”€â”€â”€â”€â”€â”€â•¯