[32mâ•­â”€â”€â”€â”€â”€â”€â”€â”€â”€â”€â”€â”€â”€â”€â”€â”€â”€â”€â”€â•®[mâ•­â”€Messagesâ”€â”€â”€â”€â”€â”€â”€â”€â”€â”€â”€â”€â”€â”€â”€â”€â”€â”€â”€â”€â”€â”€â”€â”€â”€â”€â”€â”€â”€â”€â”€â”€â•®
[32mâ”‚[m[37m[m[7;37m [m                  [32mâ”‚[mâ”‚                                         â”‚
[32mâ”‚[m[30m                   [m[32mâ”‚[mâ”‚  1                                      â”‚
[32mâ”‚[m[30m                   [m[32mâ”‚[mâ”‚                                         â”‚
[32mâ•°â”€â”€â”€â”€â”€â”€â”€â”€â”€â”€â”€â”€â”€â”€â”€â”€â”€â”€â”€â•¯[mâ”‚  2                                      â”‚
â•­â”€Contextâ”€â”€â”€â”€â”€â”€â”€â”€â”€â”€â”€â•®â”‚                                         â”‚
â”‚[38;2;98;98;98mNo Context.[m        â”‚â”‚  3                                      â”‚
â”‚                   â”‚â”‚                                         â”‚
â”‚                   â”‚â”‚  4                                      â”‚
â”‚                   â”‚â”‚                                         â”‚
â”‚                   â”‚â”‚  5                                      â”‚
â”‚                   â”‚â”‚                                         â”‚
â”‚                   â”‚â”‚  6                                      â”‚
â”‚                   â”‚â”‚                                         â”‚
â”‚                   â”‚â”‚                                         â”‚
â•°â”€â”€â”€â”€â”€â”€â”€â”€â”€â”€â”€â”€â”€â”€â”€â”€â”€â”€â”€â•¯â•°â”€â”€â”€â”€â”€â”€â”€â”€â”€â”€â”€â”€â”€â”€â”€â”€â”€â”€â”€â”€â”€â”€â”€â”€â”€â”€â”€â”€â”€â”€â”€â”€â”€â”€â”€â”€â”€â”€â”€â”€â”€â•¯