[32mâ•­â”€â”€â”€â”€â”€â”€â”€â”€â”€â”€â”€â”€â”€â”€â”€â”€â”€â”€â”€â•®[mâ•­â”€Messagesâ”€â”€â”€â”€â”€â”€â”€â”€â”€â”€â”€â”€â”€â”€â”€â”€â”€â”€â”€â”€â”€â”€â”€â”€â”€â”€â”€â”€â”€â”€â”€â”€â•®
[32mâ”‚[m[37m[m[7;37m [m                  [32mâ”‚[mâ”‚                                         â”‚
[32mâ”‚[m[30m                   [m[32mâ”‚[mâ”‚                                         â”‚
[32mâ”‚[m[30m                   [m[32mâ”‚[mâ”‚                                         â”‚
[32mâ•°â”€â”€â”€â”€â”€â”€â”€â”€â”€â”€â”€â”€â”€â”€â”€â”€â”€â”€â”€â•¯[mâ”‚                                         â”‚
â•­â”€Contextâ”€â”€â”€â”€â”€â”€â”€â”€â”€â”€â”€â•®â”‚                                         â”‚
â”‚ï…œ Test context itemâ”‚â”‚                                         â”‚
â”‚                   â”‚â”‚                                         â”‚
â”‚                   â”‚â”‚                                         â”‚
â”‚                   â”‚â”‚                                         â”‚
â”‚                   â”‚â”‚                                         â”‚
â”‚                   â”‚â”‚                                         â”‚
â”‚                   â”‚â”‚                                         â”‚
â”‚                   â”‚â”‚                                         â”‚
â”‚                   â”‚â”‚                                         â”‚
â•°â”€â”€â”€â”€â”€â”€â”€â”€â”€â”€â”€â”€â”€â”€â”€â”€â”€â”€â”€â•¯â•°â”€â”€â”€â”€â”€â”€â”€â”€â”€â”€â”€â”€â”€â”€â”€â”€â”€â”€â”€â”€â”€â”€â”€â”€â”€â”€â”€â”€â”€â”€â”€â”€â”€â”€â”€â”€â”€â”€â”€â”€â”€â•¯