[38;2;98;98;98mNo Context.[m         
                    
                    
                    
                    
                    
                    
                    
                    
                    