[32mâ•­â”€[0m[1;32mContext[m[32mâ”€â”€â”€â”€â”€â”€â”€â”€â”€â”€â”€â•®[mâ•­â”€Messagesâ”€â”€â”€â”€â”€â”€â”€â”€â”€â”€â”€â”€â”€â”€â”€â”€â”€â”€â”€â”€â”€â”€â”€â”€â”€â”€â”€â”€â”€â”€â”€â”€â•®
[32mâ”‚[m[38;2;98;98;98mNo Context.[m        [32mâ”‚[mâ”‚  2                                      â”‚
[32mâ”‚[m                   [32mâ”‚[mâ”‚                                         â”‚
[32mâ”‚[m                   [32mâ”‚[mâ”‚  3                                      â”‚
[32mâ”‚[m                   [32mâ”‚[mâ”‚                                         â”‚
[32mâ”‚[m                   [32mâ”‚[mâ”‚  4                                      â”‚
[32mâ”‚[m                   [32mâ”‚[mâ”‚                                         â”‚
[32mâ”‚[m                   [32mâ”‚[mâ”‚  5                                      â”‚
[32mâ”‚[m                   [32mâ”‚[mâ”‚                                         â”‚
[32mâ”‚[m                   [32mâ”‚[mâ”‚  6                                      â”‚
[32mâ”‚[m                   [32mâ”‚[mâ”‚                                         â”‚
[32mâ”‚[m                   [32mâ”‚[mâ”‚  7                                      â”‚
[32mâ”‚[m                   [32mâ”‚[mâ”‚                                         â”‚
[32mâ”‚[m                   [32mâ”‚[mâ”‚  8                                      â”‚
[32mâ”‚[m                   [32mâ”‚[mâ”‚                                         â”‚
[32mâ•°â”€â”€â”€â”€â”€â”€â”€â”€â”€â”€â”€â”€â”€â”€â”€â”€â”€â”€â”€â•¯[mâ•°â”€â”€â”€â”€â”€â”€â”€â”€â”€â”€â”€â”€â”€â”€â”€â”€â”€â”€â”€â”€â”€â”€â”€â”€â”€â”€â”€â”€â”€â”€â”€â”€â”€â”€â”€â”€â”€â”€â”€â”€â”€â•¯